Starting a Gradle Daemon, 1 busy and 3 stopped Daemons could not be reused, use --status for details
Reusing configuration cache.
> Task :app:checkKotlinGradlePluginConfigurationErrors SKIPPED
> Task :app:preBuild UP-TO-DATE
> Task :app:preDebugBuild UP-TO-DATE
> Task :app:generateDebugResValues UP-TO-DATE
> Task :app:generateDebugBuildConfig UP-TO-DATE
> Task :app:processDebugGoogleServices UP-TO-DATE
> Task :app:createDebugCompatibleScreenManifests UP-TO-DATE
> Task :app:extractDeepLinksDebug UP-TO-DATE
> Task :app:generateDebugResources UP-TO-DATE
> Task :app:mapDebugSourceSetPaths UP-TO-DATE
> Task :app:checkDebugAarMetadata UP-TO-DATE
> Task :app:mergeDebugResources UP-TO-DATE
> Task :app:packageDebugResources UP-TO-DATE
> Task :app:parseDebugLocalResources UP-TO-DATE
> Task :app:processDebugMainManifest UP-TO-DATE
> Task :app:processDebugManifest UP-TO-DATE
> Task :app:processDebugManifestForPackage UP-TO-DATE
> Task :app:processDebugResources UP-TO-DATE
> Task :app:kspDebugKotlin UP-TO-DATE
> Task :app:compileDebugKotlin
e: file:///app/applet/app/src/main/java/com/example/ui/screens/player/PlayerScreen.kt:323:91 Unresolved reference 'onBackgroundColor'.
e: file:///app/applet/app/src/main/java/com/example/ui/screens/player/PlayerScreen.kt:392:85 Unresolved reference 'onBackgroundColor'.
e: file:///app/applet/app/src/main/java/com/example/ui/screens/player/PlayerScreen.kt:443:93 Unresolved reference 'onBackgroundColor'.
e: file:///app/applet/app/src/main/java/com/example/ui/screens/player/PlayerScreen.kt:500:67 Unresolved reference 'onBackgroundColor'.
e: file:///app/applet/app/src/main/java/com/example/ui/screens/player/PlayerScreen.kt:512:69 Unresolved reference 'onBackgroundColor'.
e: file:///app/applet/app/src/main/java/com/example/ui/screens/player/PlayerScreen.kt:556:75 Unresolved reference 'onBackgroundColor'.
e: file:///app/applet/app/src/main/java/com/example/ui/screens/player/PlayerScreen.kt:582:69 Unresolved reference 'onBackgroundColor'.
e: file:///app/applet/app/src/main/java/com/example/ui/screens/player/PlayerScreen.kt:624:74 Unresolved reference 'onBackgroundColor'.
e: file:///app/applet/app/src/main/java/com/example/ui/screens/player/PlayerScreen.kt:650:70 Unresolved reference 'onBackgroundColor'.
e: file:///app/applet/app/src/main/java/com/example/ui/screens/player/PlayerScreen.kt:702:80 Unresolved reference 'onBackgroundColor'.
e: file:///app/applet/app/src/main/java/com/example/ui/screens/player/PlayerScreen.kt:706:78 Unresolved reference 'onBackgroundColor'.
e: file:///app/applet/app/src/main/java/com/example/ui/screens/player/PlayerScreen.kt:784:25 Unresolved reference 'onBackgroundColor'.
e: file:///app/applet/app/src/main/java/com/example/ui/screens/player/PlayerScreen.kt:792:25 Unresolved reference 'onBackgroundColor'.
e: file:///app/applet/app/src/main/java/com/example/ui/screens/player/PlayerScreen.kt:800:25 Unresolved reference 'onBackgroundColor'.

> Task :app:compileDebugKotlin FAILED

FAILURE: Build failed with an exception.

* What went wrong:
Execution failed for task ':app:compileDebugKotlin'.
> A failure occurred while executing org.jetbrains.kotlin.compilerRunner.GradleCompilerRunnerWithWorkers$GradleKotlinCompilerWorkAction
   > Compilation error. See log for more details

* Try:
> Run with --stacktrace option to get the stack trace.
> Run with --info or --debug option to get more log output.
> Run with --scan to get full insights from a Build Scan (powered by Develocity).
> Get more help at https://help.gradle.org.

BUILD FAILED in 1m
17 actionable tasks: 1 executed, 16 up-to-date
Configuration cache entry reused.
